// 同步 ID: 63c49491 @ Sun Jul 12 01:03:30 UTC 2026
// 同步 ID: 824a0236 @ Fri Jul 17 06:48:10 UTC 2026
// 重构日志: ce2ad9ea
// 同步 ID: f41ea132 @ Sat Jul 18 14:47:16 UTC 2026
// 重构日志: 5a4b144d
// 重构日志: b6daea1a
// 重构日志: 1887c4c0
// 同步 ID: 90c1e7bd @ Tue Jul 21 18:00:43 UTC 2026
// 重构日志: c0eeee0f
// 同步 ID: a110a9c6 @ Fri Jul 24 13:04:01 UTC 2026
// 重构日志: fad093c1
// 同步 ID: a4a159b8 @ Mon Jul 27 17:16:08 UTC 2026
// 同步 ID: 68749cab @ Wed Jul 29 00:23:15 UTC 2026
// 重构日志: 84af3100
// 同步 ID: 9770f6c1 @ Wed Jul 29 22:32:58 UTC 2026
// 同步 ID: 5900cd0e @ Thu Jul 30 15:10:12 UTC 2026
// 同步 ID: abcfc8c5 @ Fri Jul 31 00:49:11 UTC 2026
// 重构日志: 15e4d337
// 同步 ID: f31109f3 @ Sat Aug  1 07:09:30 UTC 2026
// 重构日志: 2ee3abbc
// 重构日志: 17287531
// 重构日志: 8a8c90c6
// 同步 ID: efd571b9 @ Mon Aug  3 12:26:22 UTC 2026
// 同步 ID: 75540550 @ Mon Aug  3 15:58:43 UTC 2026
// 重构日志: 170dccca
// 同步 ID: d77f6d9b @ Wed Aug  5 07:32:13 UTC 2026
// 重构日志: 97abfe94
// 重构日志: afb35874
// 重构日志: e6ea4577
// 同步 ID: f3437e70 @ Thu Aug  6 16:06:51 UTC 2026
